# /.+example\.com/i
/.+paradiseprofitsnow\.com/i
/.+incomesolutionstoday\.com/i
/.+cryptoinsiderstoday\.com/i
/.+greatinvestorsvalley\.com/i
/.+investornetowrkai\.com/i
/.+frequencytraders\.com/i
/.+earlyagenda\.com/i
/.+economicedgex\.com/i
/.+noticlasdelrincon\.com/i
/.+bearmarketleader\.com/i
/.+impactofincome\.com/i
/.+soldouttrend\.com/i
/.+allpointstoday\.com/i
/.+greattradingsecrets\.com/i
/.+financeprotegeclub\.com/i
/.+truthaboutnews\.com/i
/.+newlifehealthclub\.com/i
/.+1marketface\.com/i
/.+coinsincreasewealth\.com/i
/.+microstockssecrets\.com/i
/.+theinvestingmission\.com/i
/.+yourdailyrevenue\.com/i
/.+impressivemoment\.com/i
/.+stardewtraders\.com/i
/.+stunningreports\.com/i
/.+getfinancialcushion\.com/i
/.+newfinanceera\.com/i
/.+FutureOfInvesting\.org/i
/.+makeyourgrowth\.com/i
/.+borntoprofit\.com/i
/.+eyesopeners\.com/i
/.+deeperwatch\.com/i
/.+easyprofitresearch\.com/i
/.+eagleeyeinvestors\.com/i
/.+sharptradersgroup\.com/i
/.+theinvestmentbeacon\.com/i
/.+empirestocktrader\.com/i
/.+sanfranciscotraders\.com/i
/.+grandinsiderstocks\.com/i
/.+happyretirementnews\.com/i
/.+margininsiders\.com/i
/.+nationmonetization\.com/i
/.+fiscalfocusamerica\.com/i
/.+stocksagesynergy\.com/i
/.+assetsundercontrol\.com/i
/.+securestockstrategies\.com/i
/.+successfulbeat\.com/i
/.+luckyhandinsider\.com/i
/.+globalmarketwebinar\.com/i
/.+marketsandcoffee\.com/i
/.+divineresell\.com/i
/.+equityenlightenment\.com/i
/.+unclesamsecrets\.com/i
/.+globalmarketheadlines\.com/i
/.+theamericanpollster\.com/i
/.+therisktolerance\.com/i
/.+upgradeways\.com/i
/.+optionalmortgageassistance\.live/i
/.+investornetworkai\.com/i
/.+spacerstoulouse\.fr/i
/.+worldtravelfinancialexpo\.com/i
/.+qbproadvisors\.net/i
/.+volatilitypredictor\.com/i
/.+saverssleepwell\.com/i
/.+dietlossfree\.com/i
/.+leadpipelineatscale\.pro/i
/.+loanstripe\.com/i
/.+cbu\.edu\.tr/i
/.+dalyjt\.com/i
/.+catchyourinsight\.com/i
/.+worldinvestingteam\.com/i
/.+freshmarketdata\.com/i
/.+richergoals\.com/i
/.+newsinnovationmarket\.com/i
/.+fromonetobillion\.com/i
/.+spacefordiscussion\.com/i
/.+responsibleinvestplan\.com/i
/.+healthytradingreport\.com/i
/.+rightmindinvesting\.com/i
/.+financeprotegeclub\.com/i
/.+empirestocktrader\.com/i
/.+dailytradingdigest\.com/i
/.+stunningreports\.com/i
/.+wisechoicetraders\.com/i
/.+stardewtraders\.com/i
/.+assetsundercontrol\.com/i
/.+theglobaltarget\.com/i
/.+economicedgex\.com/i
/.+markettrendwhisperer\.com/i
/.+wealthwayfinder\.com/i
/.+durgonnews\.com/i
/.+modernincomeadvisor\.com/i
/.+realinvestmentstar\.com/i
/.+greatinvestorsvalley\.com/i
/.+lifelongdividend\.com/i
/.+frugalshoppy\.com/i
/.+incomeresearchers\.com/i
/.+wellnessrootsrevolution\.com/i
/.+thesunrisetime\.com/i
/.+financetimereport\.com/i
/.+digitalconnectionhub\.com/i
/.+incomeresearchers\.com/i
/.+respectinvestment\.com/i
/.+mydigital\-connector\.com/i
/.+vibranthealthventure\.com/i
/.+hrpaydatamanagement\.com/i
/.+profitdailyinsights\.com/i
/.+whymarble\.com/i
/.+investmenttradingnews\.com/i
/.+joyfulretirementsecrets\.com/i
/.+investinggovernance\.com/i
/.+capitellas\.com/i
/.+evanderupdate\.com/i
/.+dollarsensedispatches\.com/i
/.+whattradertalk\.com/i
/.+beehiiv\.com/i
/.+fishandraft\.com/i
/.+expotradenews\.com/i
/.+shopper\-frugal\.com/i
/.+adviceoffate\.com/i
/.+specialzworkstoday\.com/i
/.+dividenddailydigest\.com/i
/.+modernfinancialhabits\.com/i
/.+theexpertkingdom\.com/i
/.+financialfinesseforum\.com/i
/.+investingiqpro\.com/i
/.+slimandsavor\.com/i
/.+marvelousconsumer\.com/i
/.+urbancapitalist\.com/i
/.+brilliantstates\.com/i
/.+reasontoinvest\.com/i
/.+meradebo\.com/i
/.+directprofittoday\.com/i
/.+reachyourhealthy\.com/i
/.+paycheckandpaypartners\.com/i
/.+310nutrition\.com/i
/.+winnersinvesting\.com/i
/.+greenlightinvestings\.com/i
/.+rightchoiceinvestors\.com/i
/.+thedailyrevenue\.com/i
/.+chinaprofitalerts\.com/i
/.+theempowerearnings\.com/i
/.+familywellnessguardian\.com/i
/.+leadingindicatornews\.com/i
/.+salarywagerates\.com/i
/.+chicagofloorreports\.com/i
/.+themarketholders\.com/i
/.+wisetradeinvesting\.com/i
/.+tradingthoughtstoday\.com/i
/.+edgewaterwasaga\.com/i
/.+knowledgemaven\.com/i
